// Jest Snapshot v1, https://goo.gl/fbAQLP

exports[`CampaignStatus should render properly 1`] = `ShallowWrapper {}`;
