// Jest Snapshot v1, https://goo.gl/fbAQLP

exports[`DataTable should render properly 1`] = `ShallowWrapper {}`;
