// Jest Snapshot v1, https://goo.gl/fbAQLP

exports[`DataTableBody should render properly 1`] = `ShallowWrapper {}`;
