// Jest Snapshot v1, https://goo.gl/fbAQLP

exports[`DataTableBodyRow should render properly 1`] = `ShallowWrapper {}`;
