// Jest Snapshot v1, https://goo.gl/fbAQLP

exports[`DataTableBodyCell should render properly 1`] = `ShallowWrapper {}`;
