// Jest Snapshot v1, https://goo.gl/fbAQLP

exports[`CampaignsPage should render properly 1`] = `ShallowWrapper {}`;
