// Jest Snapshot v1, https://goo.gl/fbAQLP

exports[`CampaignSearch should render properly 1`] = `ShallowWrapper {}`;
