// Jest Snapshot v1, https://goo.gl/fbAQLP

exports[`Campaigns should render properly 1`] = `ShallowWrapper {}`;
