// Jest Snapshot v1, https://goo.gl/fbAQLP

exports[`Datepicker should render properly 1`] = `ShallowWrapper {}`;
