// Jest Snapshot v1, https://goo.gl/fbAQLP

exports[`Input should render properly 1`] = `ShallowWrapper {}`;
