// Jest Snapshot v1, https://goo.gl/fbAQLP

exports[`DataTableHeadCell should render properly 1`] = `ShallowWrapper {}`;
