// Jest Snapshot v1, https://goo.gl/fbAQLP

exports[`CampaignImport should render properly 1`] = `ShallowWrapper {}`;
