// Jest Snapshot v1, https://goo.gl/fbAQLP

exports[`TextArea should render properly 1`] = `ShallowWrapper {}`;
